This file contains any messages produced by compilers while
running configure, to aid debugging if configure makes a mistake.

It was created by libbuhlmann configure 1.0, which was
generated by GNU Autoconf 2.71.  Invocation command line was

  $ ./configure

## --------- ##
## Platform. ##
## --------- ##

hostname = nostromo
uname -m = x86_64
uname -r = 6.6.87.2-microsoft-standard-WSL2
uname -s = Linux
uname -v = #1 SMP PREEMPT_DYNAMIC Thu Jun  5 18:30:46 UTC 2025

/usr/bin/uname -p = x86_64
/bin/uname -X     = unknown

/bin/arch              = x86_64
/usr/bin/arch -k       = unknown
/usr/convex/getsysinfo = unknown
/usr/bin/hostinfo      = unknown
/bin/machine           = unknown
/usr/bin/oslevel       = unknown
/bin/universe          = unknown

PATH: /home/kacper/.local/bin/
PATH: /home/kacper/.cargo/bin/
PATH: /home/kacper/.nvm/versions/node/v22.20.0/bin/
PATH: /usr/local/sbin/
PATH: /usr/local/bin/
PATH: /usr/sbin/
PATH: /usr/bin/
PATH: /sbin/
PATH: /bin/
PATH: /usr/games/
PATH: /usr/local/games/
PATH: /usr/lib/wsl/lib/
PATH: /mnt/c/Program Files/WindowsApps/MicrosoftCorporationII.WindowsSubsystemForLinux_2.5.9.0_x64__8wekyb3d8bbwe/
PATH: /mnt/c/Program Files/Microsoft SDKs/Azure/CLI2/wbin/
PATH: /mnt/c/WINDOWS/system32/
PATH: /mnt/c/WINDOWS/
PATH: /mnt/c/WINDOWS/System32/Wbem/
PATH: /mnt/c/WINDOWS/System32/WindowsPowerShell/v1.0/
PATH: /mnt/c/WINDOWS/System32/OpenSSH/
PATH: /mnt/c/Program Files/NVIDIA Corporation/NVIDIA App/NvDLISR/
PATH: /mnt/c/Program Files (x86)/NVIDIA Corporation/PhysX/Common/
PATH: /mnt/c/Program Files/dotnet/
PATH: /mnt/c/ProgramData/chocolatey/bin/
PATH: /mnt/c/Program Files/Amazon/AWSCLIV2/
PATH: /mnt/c/Program Files/Git/cmd/
PATH: /mnt/c/Program Files/Kubernetes/Minikube/
PATH: /mnt/c/Program Files (x86)/dotnet/
PATH: /mnt/c/MinGW/bin/
PATH: /mnt/c/Program Files/WezTerm/
PATH: /mnt/c/Program Files/nu/bin/
PATH: /mnt/c/Program Files/Tesseract-OCR/
PATH: /mnt/c/Program Files/WindowsApps/Microsoft.PowerShell_7.5.4.0_x64__8wekyb3d8bbwe/
PATH: /mnt/c/Program Files/Microsoft SDKs/Azure/CLI2/wbin/
PATH: /mnt/c/WINDOWS/system32/
PATH: /mnt/c/WINDOWS/
PATH: /mnt/c/WINDOWS/System32/Wbem/
PATH: /mnt/c/WINDOWS/System32/WindowsPowerShell/v1.0/
PATH: /mnt/c/WINDOWS/System32/OpenSSH/
PATH: /mnt/c/Program Files/NVIDIA Corporation/NVIDIA App/NvDLISR/
PATH: /mnt/c/Program Files (x86)/NVIDIA Corporation/PhysX/Common/
PATH: /mnt/c/Program Files/dotnet/
PATH: /mnt/c/ProgramData/chocolatey/bin/
PATH: /mnt/c/Program Files/Amazon/AWSCLIV2/
PATH: /mnt/c/Program Files/Git/cmd/
PATH: /mnt/c/Program Files/Kubernetes/Minikube/
PATH: /mnt/c/Program Files (x86)/dotnet/
PATH: /mnt/c/MinGW/bin/
PATH: /mnt/c/Program Files/WezTerm/
PATH: /mnt/c/Program Files/nu/bin/
PATH: /mnt/c/Users/kacpe/.cargo/bin/
PATH: /mnt/c/Users/kacpe/AppData/Local/Microsoft/WindowsApps/
PATH: /mnt/c/Users/kacpe/AppData/Local/Programs/nu/bin/
PATH: /mnt/c/Users/kacpe/AppData/Local/Microsoft/WinGet/Packages/Fastfetch-cli.Fastfetch_Microsoft.Winget.Source_8wekyb3d8bbwe/
PATH: /mnt/c/Users/kacpe/AppData/Local/Programs/Microsoft VS Code/bin/
PATH: /mnt/c/Users/kacpe/AppData/Local/Programs/MiKTeX/miktex/bin/x64/
PATH: /mnt/c/Users/kacpe/AppData/Local/Microsoft/WinGet/Packages/
PATH: /snap/bin/
PATH: /home/kacper/.local/bin/
PATH: /home/kacper/.local/bin/


## ----------- ##
## Core tests. ##
## ----------- ##

configure:2355: looking for aux files: compile config.guess config.sub ltmain.sh missing install-sh
configure:2368:  trying ./
configure:2397:   ./compile found
configure:2397:   ./config.guess found
configure:2397:   ./config.sub found
configure:2397:   ./ltmain.sh found
configure:2397:   ./missing found
configure:2379:   ./install-sh found
configure:2527: checking for a BSD-compatible install
configure:2600: result: /usr/bin/install -c
configure:2611: checking whether build environment is sane
configure:2666: result: yes
configure:2825: checking for a race-free mkdir -p
configure:2869: result: /usr/bin/mkdir -p
configure:2876: checking for gawk
configure:2897: found /usr/bin/gawk
configure:2908: result: gawk
configure:2919: checking whether make sets $(MAKE)
configure:2942: result: yes
configure:2972: checking whether make supports nested variables
configure:2990: result: yes
configure:3158: checking build system type
configure:3173: result: x86_64-pc-linux-gnu
configure:3193: checking host system type
configure:3207: result: x86_64-pc-linux-gnu
configure:3248: checking how to print strings
configure:3275: result: printf
configure:3309: checking whether make supports the include directive
configure:3324: make -f confmf.GNU && cat confinc.out
this is the am__doit target
configure:3327: $? = 0
configure:3346: result: yes (GNU style)
configure:3422: checking for gcc
configure:3443: found /usr/bin/gcc
configure:3454: result: gcc
configure:3807: checking for C compiler version
configure:3816: gcc --version >&5
gcc (Ubuntu 13.3.0-6ubuntu2~24.04.1) 13.3.0
Copyright (C) 2023 Free Software Foundation, Inc.
This is free software; see the source for copying conditions.  There is NO
warranty; not even for MERCHANTABILITY or FITNESS FOR A PARTICULAR PURPOSE.

configure:3827: $? = 0
configure:3816: gcc -v >&5
Using built-in specs.
COLLECT_GCC=gcc
COLLECT_LTO_WRAPPER=/usr/libexec/gcc/x86_64-linux-gnu/13/lto-wrapper
OFFLOAD_TARGET_NAMES=nvptx-none:amdgcn-amdhsa
OFFLOAD_TARGET_DEFAULT=1
Target: x86_64-linux-gnu
Configured with: ../src/configure -v --with-pkgversion='Ubuntu 13.3.0-6ubuntu2~24.04.1' --with-bugurl=file:///usr/share/doc/gcc-13/README.Bugs --enable-languages=c,ada,c++,go,d,fortran,objc,obj-c++,m2 --prefix=/usr --with-gcc-major-version-only --program-suffix=-13 --program-prefix=x86_64-linux-gnu- --enable-shared --enable-linker-build-id --libexecdir=/usr/libexec --without-included-gettext --enable-threads=posix --libdir=/usr/lib --enable-nls --enable-bootstrap --enable-clocale=gnu --enable-libstdcxx-debug --enable-libstdcxx-time=yes --with-default-libstdcxx-abi=new --enable-libstdcxx-backtrace --enable-gnu-unique-object --disable-vtable-verify --enable-plugin --enable-default-pie --with-system-zlib --enable-libphobos-checking=release --with-target-system-zlib=auto --enable-objc-gc=auto --enable-multiarch --disable-werror --enable-cet --with-arch-32=i686 --with-abi=m64 --with-multilib-list=m32,m64,mx32 --enable-multilib --with-tune=generic --enable-offload-targets=nvptx-none=/build/gcc-13-EldibY/gcc-13-13.3.0/debian/tmp-nvptx/usr,amdgcn-amdhsa=/build/gcc-13-EldibY/gcc-13-13.3.0/debian/tmp-gcn/usr --enable-offload-defaulted --without-cuda-driver --enable-checking=release --build=x86_64-linux-gnu --host=x86_64-linux-gnu --target=x86_64-linux-gnu --with-build-config=bootstrap-lto-lean --enable-link-serialization=2
Thread model: posix
Supported LTO compression algorithms: zlib zstd
gcc version 13.3.0 (Ubuntu 13.3.0-6ubuntu2~24.04.1) 
... rest of stderr output deleted ...
configure:3827: $? = 0
configure:3816: gcc -V >&5
gcc: error: unrecognized command-line option '-V'
gcc: fatal error: no input files
compilation terminated.
configure:3827: $? = 1
configure:3816: gcc -qversion >&5
gcc: error: unrecognized command-line option '-qversion'; did you mean '--version'?
gcc: fatal error: no input files
compilation terminated.
configure:3827: $? = 1
configure:3816: gcc -version >&5
gcc: error: unrecognized command-line option '-version'
gcc: fatal error: no input files
compilation terminated.
configure:3827: $? = 1
configure:3847: checking whether the C compiler works
configure:3869: gcc    conftest.c  >&5
configure:3873: $? = 0
configure:3923: result: yes
configure:3926: checking for C compiler default output file name
configure:3928: result: a.out
configure:3934: checking for suffix of executables
configure:3941: gcc -o conftest    conftest.c  >&5
configure:3945: $? = 0
configure:3968: result: 
configure:3990: checking whether we are cross compiling
configure:3998: gcc -o conftest    conftest.c  >&5
configure:4002: $? = 0
configure:4009: ./conftest
configure:4013: $? = 0
configure:4028: result: no
configure:4033: checking for suffix of object files
configure:4056: gcc -c   conftest.c >&5
configure:4060: $? = 0
configure:4082: result: o
configure:4086: checking whether the compiler supports GNU C
configure:4106: gcc -c   conftest.c >&5
configure:4106: $? = 0
configure:4116: result: yes
configure:4127: checking whether gcc accepts -g
configure:4148: gcc -c -g  conftest.c >&5
configure:4148: $? = 0
configure:4192: result: yes
configure:4212: checking for gcc option to enable C11 features
configure:4227: gcc  -c -g -O2  conftest.c >&5
configure:4227: $? = 0
configure:4245: result: none needed
configure:4361: checking whether gcc understands -c and -o together
configure:4384: gcc -c conftest.c -o conftest2.o
configure:4387: $? = 0
configure:4384: gcc -c conftest.c -o conftest2.o
configure:4387: $? = 0
configure:4399: result: yes
configure:4418: checking dependency style of gcc
configure:4530: result: gcc3
configure:4545: checking for a sed that does not truncate output
configure:4615: result: /usr/bin/sed
configure:4633: checking for grep that handles long lines and -e
configure:4697: result: /usr/bin/grep
configure:4702: checking for egrep
configure:4770: result: /usr/bin/grep -E
configure:4775: checking for fgrep
configure:4843: result: /usr/bin/grep -F
configure:4879: checking for ld used by gcc
configure:4947: result: /usr/bin/ld
configure:4954: checking if the linker (/usr/bin/ld) is GNU ld
configure:4970: result: yes
configure:4982: checking for BSD- or MS-compatible name lister (nm)
configure:5037: result: /usr/bin/nm -B
configure:5177: checking the name lister (/usr/bin/nm -B) interface
configure:5185: gcc -c -g -O2  conftest.c >&5
configure:5188: /usr/bin/nm -B "conftest.o"
configure:5191: output
0000000000000000 B some_variable
configure:5198: result: BSD nm
configure:5201: checking whether ln -s works
configure:5205: result: yes
configure:5213: checking the maximum length of command line arguments
configure:5345: result: 2400000
configure:5393: checking how to convert x86_64-pc-linux-gnu file names to x86_64-pc-linux-gnu format
configure:5434: result: func_convert_file_noop
configure:5441: checking how to convert x86_64-pc-linux-gnu file names to toolchain format
configure:5462: result: func_convert_file_noop
configure:5469: checking for /usr/bin/ld option to reload object files
configure:5477: result: -r
configure:5556: checking for file
configure:5577: found /usr/bin/file
configure:5588: result: file
configure:5664: checking for objdump
configure:5685: found /usr/bin/objdump
configure:5696: result: objdump
configure:5728: checking how to recognize dependent libraries
configure:5929: result: pass_all
configure:6019: checking for dlltool
configure:6054: result: no
configure:6084: checking how to associate runtime and link libraries
configure:6112: result: printf %s\n
configure:6178: checking for ar
configure:6199: found /usr/bin/ar
configure:6210: result: ar
configure:6263: checking for archiver @FILE support
configure:6281: gcc -c -g -O2  conftest.c >&5
configure:6281: $? = 0
configure:6285: ar cr libconftest.a @conftest.lst >&5
configure:6288: $? = 0
configure:6293: ar cr libconftest.a @conftest.lst >&5
ar: conftest.o: No such file or directory
configure:6296: $? = 1
configure:6308: result: @
configure:6371: checking for strip
configure:6392: found /usr/bin/strip
configure:6403: result: strip
configure:6480: checking for ranlib
configure:6501: found /usr/bin/ranlib
configure:6512: result: ranlib
configure:6614: checking command to parse /usr/bin/nm -B output from gcc object
configure:6768: gcc -c -g -O2  conftest.c >&5
configure:6771: $? = 0
configure:6775: /usr/bin/nm -B conftest.o | /usr/bin/sed -n -e 's/^.*[	 ]\([ABCDGIRSTW][ABCDGIRSTW]*\)[	 ][	 ]*\([_A-Za-z][_A-Za-z0-9]*\)$/\1 \2 \2/p' | /usr/bin/sed '/ __gnu_lto/d' > conftest.nm
configure:6841: gcc -o conftest -g -O2   conftest.c conftstm.o >&5
configure:6844: $? = 0
configure:6882: result: ok
configure:6929: checking for sysroot
configure:6960: result: no
configure:6967: checking for a working dd
configure:7011: result: /usr/bin/dd
configure:7015: checking how to truncate binary pipes
configure:7031: result: /usr/bin/dd bs=4096 count=1
configure:7168: gcc -c -g -O2  conftest.c >&5
configure:7171: $? = 0
configure:7368: checking for mt
configure:7403: result: no
configure:7423: checking if : is a manifest tool
configure:7430: : '-?'
configure:7438: result: no
configure:8163: checking for stdio.h
configure:8163: gcc -c -g -O2  conftest.c >&5
configure:8163: $? = 0
configure:8163: result: yes
configure:8163: checking for stdlib.h
configure:8163: gcc -c -g -O2  conftest.c >&5
configure:8163: $? = 0
configure:8163: result: yes
configure:8163: checking for string.h
configure:8163: gcc -c -g -O2  conftest.c >&5
configure:8163: $? = 0
configure:8163: result: yes
configure:8163: checking for inttypes.h
configure:8163: gcc -c -g -O2  conftest.c >&5
configure:8163: $? = 0
configure:8163: result: yes
configure:8163: checking for stdint.h
configure:8163: gcc -c -g -O2  conftest.c >&5
configure:8163: $? = 0
configure:8163: result: yes
configure:8163: checking for strings.h
configure:8163: gcc -c -g -O2  conftest.c >&5
configure:8163: $? = 0
configure:8163: result: yes
configure:8163: checking for sys/stat.h
configure:8163: gcc -c -g -O2  conftest.c >&5
configure:8163: $? = 0
configure:8163: result: yes
configure:8163: checking for sys/types.h
configure:8163: gcc -c -g -O2  conftest.c >&5
configure:8163: $? = 0
configure:8163: result: yes
configure:8163: checking for unistd.h
configure:8163: gcc -c -g -O2  conftest.c >&5
configure:8163: $? = 0
configure:8163: result: yes
configure:8188: checking for dlfcn.h
configure:8188: gcc -c -g -O2  conftest.c >&5
configure:8188: $? = 0
configure:8188: result: yes
configure:8447: checking for objdir
configure:8463: result: .libs
configure:8727: checking if gcc supports -fno-rtti -fno-exceptions
configure:8746: gcc -c -g -O2  -fno-rtti -fno-exceptions conftest.c >&5
cc1: warning: command-line option '-fno-rtti' is valid for C++/D/ObjC++ but not for C
configure:8750: $? = 0
configure:8763: result: no
configure:9127: checking for gcc option to produce PIC
configure:9135: result: -fPIC -DPIC
configure:9143: checking if gcc PIC flag -fPIC -DPIC works
configure:9162: gcc -c -g -O2  -fPIC -DPIC -DPIC conftest.c >&5
configure:9166: $? = 0
configure:9179: result: yes
configure:9208: checking if gcc static flag -static works
configure:9237: result: yes
configure:9252: checking if gcc supports -c -o file.o
configure:9274: gcc -c -g -O2  -o out/conftest2.o conftest.c >&5
configure:9278: $? = 0
configure:9300: result: yes
configure:9308: checking if gcc supports -c -o file.o
configure:9356: result: yes
configure:9389: checking whether the gcc linker (/usr/bin/ld -m elf_x86_64) supports shared libraries
configure:10663: result: yes
configure:10700: checking whether -lc should be explicitly linked in
configure:10709: gcc -c -g -O2  conftest.c >&5
configure:10712: $? = 0
configure:10727: gcc -shared  -fPIC -DPIC conftest.o  -v -Wl,-soname -Wl,conftest -o conftest 2\>\&1 \| /usr/bin/grep  -lc  \>/dev/null 2\>\&1
configure:10730: $? = 0
configure:10744: result: no
configure:10904: checking dynamic linker characteristics
configure:11486: gcc -o conftest -g -O2   -Wl,-rpath -Wl,/foo conftest.c  >&5
configure:11486: $? = 0
configure:11737: result: GNU/Linux ld.so
configure:11859: checking how to hardcode library paths into programs
configure:11884: result: immediate
configure:12436: checking whether stripping libraries is possible
configure:12445: result: yes
configure:12487: checking if libtool supports shared libraries
configure:12489: result: yes
configure:12492: checking whether to build shared libraries
configure:12517: result: yes
configure:12520: checking whether to build static libraries
configure:12524: result: yes
configure:12619: checking for gcc
configure:12651: result: gcc
configure:13004: checking for C compiler version
configure:13013: gcc --version >&5
gcc (Ubuntu 13.3.0-6ubuntu2~24.04.1) 13.3.0
Copyright (C) 2023 Free Software Foundation, Inc.
This is free software; see the source for copying conditions.  There is NO
warranty; not even for MERCHANTABILITY or FITNESS FOR A PARTICULAR PURPOSE.

configure:13024: $? = 0
configure:13013: gcc -v >&5
Using built-in specs.
COLLECT_GCC=gcc
COLLECT_LTO_WRAPPER=/usr/libexec/gcc/x86_64-linux-gnu/13/lto-wrapper
OFFLOAD_TARGET_NAMES=nvptx-none:amdgcn-amdhsa
OFFLOAD_TARGET_DEFAULT=1
Target: x86_64-linux-gnu
Configured with: ../src/configure -v --with-pkgversion='Ubuntu 13.3.0-6ubuntu2~24.04.1' --with-bugurl=file:///usr/share/doc/gcc-13/README.Bugs --enable-languages=c,ada,c++,go,d,fortran,objc,obj-c++,m2 --prefix=/usr --with-gcc-major-version-only --program-suffix=-13 --program-prefix=x86_64-linux-gnu- --enable-shared --enable-linker-build-id --libexecdir=/usr/libexec --without-included-gettext --enable-threads=posix --libdir=/usr/lib --enable-nls --enable-bootstrap --enable-clocale=gnu --enable-libstdcxx-debug --enable-libstdcxx-time=yes --with-default-libstdcxx-abi=new --enable-libstdcxx-backtrace --enable-gnu-unique-object --disable-vtable-verify --enable-plugin --enable-default-pie --with-system-zlib --enable-libphobos-checking=release --with-target-system-zlib=auto --enable-objc-gc=auto --enable-multiarch --disable-werror --enable-cet --with-arch-32=i686 --with-abi=m64 --with-multilib-list=m32,m64,mx32 --enable-multilib --with-tune=generic --enable-offload-targets=nvptx-none=/build/gcc-13-EldibY/gcc-13-13.3.0/debian/tmp-nvptx/usr,amdgcn-amdhsa=/build/gcc-13-EldibY/gcc-13-13.3.0/debian/tmp-gcn/usr --enable-offload-defaulted --without-cuda-driver --enable-checking=release --build=x86_64-linux-gnu --host=x86_64-linux-gnu --target=x86_64-linux-gnu --with-build-config=bootstrap-lto-lean --enable-link-serialization=2
Thread model: posix
Supported LTO compression algorithms: zlib zstd
gcc version 13.3.0 (Ubuntu 13.3.0-6ubuntu2~24.04.1) 
... rest of stderr output deleted ...
configure:13024: $? = 0
configure:13013: gcc -V >&5
gcc: error: unrecognized command-line option '-V'
gcc: fatal error: no input files
compilation terminated.
configure:13024: $? = 1
configure:13013: gcc -qversion >&5
gcc: error: unrecognized command-line option '-qversion'; did you mean '--version'?
gcc: fatal error: no input files
compilation terminated.
configure:13024: $? = 1
configure:13013: gcc -version >&5
gcc: error: unrecognized command-line option '-version'
gcc: fatal error: no input files
compilation terminated.
configure:13024: $? = 1
configure:13028: checking whether the compiler supports GNU C
configure:13058: result: yes
configure:13069: checking whether gcc accepts -g
configure:13134: result: yes
configure:13154: checking for gcc option to enable C11 features
configure:13187: result: none needed
configure:13303: checking whether gcc understands -c and -o together
configure:13341: result: yes
configure:13360: checking dependency style of gcc
configure:13472: result: gcc3
configure:13489: checking for exp in -lm
configure:13512: gcc -o conftest -g -O2   conftest.c -lm   >&5
conftest.c:27:6: warning: conflicting types for built-in function 'exp'; expected 'double(double)' [-Wbuiltin-declaration-mismatch]
   27 | char exp ();
      |      ^~~
conftest.c:1:1: note: 'exp' is declared in header '<math.h>'
    1 | /* confdefs.h */
configure:13512: $? = 0
configure:13522: result: yes
configure:13534: checking for math.h
configure:13534: gcc -c -g -O2  conftest.c >&5
configure:13534: $? = 0
configure:13534: result: yes
configure:13543: checking for getline
configure:13543: gcc -o conftest -g -O2   conftest.c -lm  >&5
configure:13543: $? = 0
configure:13543: result: yes
configure:13654: checking that generated files are newer than configure
configure:13660: result: done
configure:13687: creating ./config.status

## ---------------------- ##
## Running config.status. ##
## ---------------------- ##

This file was extended by libbuhlmann config.status 1.0, which was
generated by GNU Autoconf 2.71.  Invocation command line was

  CONFIG_FILES    = 
  CONFIG_HEADERS  = 
  CONFIG_LINKS    = 
  CONFIG_COMMANDS = 
  $ ./config.status 

on nostromo

config.status:1087: creating Makefile
config.status:1087: creating src/Makefile
config.status:1087: creating test/Makefile
config.status:1087: creating config.h
config.status:1268: config.h is unchanged
config.status:1316: executing depfiles commands
config.status:1393: cd src       && sed -e '/# am--include-marker/d' Makefile         | make -f - am--depfiles
make: Nothing to be done for 'am--depfiles'.
config.status:1398: $? = 0
config.status:1393: cd test       && sed -e '/# am--include-marker/d' Makefile         | make -f - am--depfiles
config.status:1398: $? = 0
config.status:1316: executing libtool commands

## ---------------- ##
## Cache variables. ##
## ---------------- ##

ac_cv_build=x86_64-pc-linux-gnu
ac_cv_c_compiler_gnu=yes
ac_cv_env_CC_set=
ac_cv_env_CC_value=
ac_cv_env_CFLAGS_set=
ac_cv_env_CFLAGS_value=
ac_cv_env_CPPFLAGS_set=
ac_cv_env_CPPFLAGS_value=
ac_cv_env_LDFLAGS_set=
ac_cv_env_LDFLAGS_value=
ac_cv_env_LIBS_set=
ac_cv_env_LIBS_value=
ac_cv_env_LT_SYS_LIBRARY_PATH_set=
ac_cv_env_LT_SYS_LIBRARY_PATH_value=
ac_cv_env_build_alias_set=
ac_cv_env_build_alias_value=
ac_cv_env_host_alias_set=
ac_cv_env_host_alias_value=
ac_cv_env_target_alias_set=
ac_cv_env_target_alias_value=
ac_cv_func_getline=yes
ac_cv_header_dlfcn_h=yes
ac_cv_header_inttypes_h=yes
ac_cv_header_math_h=yes
ac_cv_header_stdint_h=yes
ac_cv_header_stdio_h=yes
ac_cv_header_stdlib_h=yes
ac_cv_header_string_h=yes
ac_cv_header_strings_h=yes
ac_cv_header_sys_stat_h=yes
ac_cv_header_sys_types_h=yes
ac_cv_header_unistd_h=yes
ac_cv_host=x86_64-pc-linux-gnu
ac_cv_lib_m_exp=yes
ac_cv_objext=o
ac_cv_path_EGREP='/usr/bin/grep -E'
ac_cv_path_FGREP='/usr/bin/grep -F'
ac_cv_path_GREP=/usr/bin/grep
ac_cv_path_SED=/usr/bin/sed
ac_cv_path_install='/usr/bin/install -c'
ac_cv_path_lt_DD=/usr/bin/dd
ac_cv_path_mkdir=/usr/bin/mkdir
ac_cv_prog_AWK=gawk
ac_cv_prog_ac_ct_AR=ar
ac_cv_prog_ac_ct_CC=gcc
ac_cv_prog_ac_ct_FILECMD=file
ac_cv_prog_ac_ct_OBJDUMP=objdump
ac_cv_prog_ac_ct_RANLIB=ranlib
ac_cv_prog_ac_ct_STRIP=strip
ac_cv_prog_cc_c11=
ac_cv_prog_cc_g=yes
ac_cv_prog_cc_stdc=
ac_cv_prog_make_make_set=yes
am_cv_CC_dependencies_compiler_type=gcc3
am_cv_make_support_nested_variables=yes
am_cv_prog_cc_c_o=yes
lt_cv_ar_at_file=@
lt_cv_archive_cmds_need_lc=no
lt_cv_deplibs_check_method=pass_all
lt_cv_file_magic_cmd='$MAGIC_CMD'
lt_cv_file_magic_test_file=
lt_cv_ld_reload_flag=-r
lt_cv_nm_interface='BSD nm'
lt_cv_objdir=.libs
lt_cv_path_LD=/usr/bin/ld
lt_cv_path_NM='/usr/bin/nm -B'
lt_cv_path_mainfest_tool=no
lt_cv_prog_compiler_c_o=yes
lt_cv_prog_compiler_pic='-fPIC -DPIC'
lt_cv_prog_compiler_pic_works=yes
lt_cv_prog_compiler_rtti_exceptions=no
lt_cv_prog_compiler_static_works=yes
lt_cv_prog_gnu_ld=yes
lt_cv_sharedlib_from_linklib_cmd='printf %s\n'
lt_cv_shlibpath_overrides_runpath=yes
lt_cv_sys_global_symbol_pipe='/usr/bin/sed -n -e '\''s/^.*[	 ]\([ABCDGIRSTW][ABCDGIRSTW]*\)[	 ][	 ]*\([_A-Za-z][_A-Za-z0-9]*\)$/\1 \2 \2/p'\'' | /usr/bin/sed '\''/ __gnu_lto/d'\'''
lt_cv_sys_global_symbol_to_c_name_address='/usr/bin/sed -n -e '\''s/^: \(.*\) .*$/  {"\1", (void *) 0},/p'\'' -e '\''s/^[ABCDGIRSTW][ABCDGIRSTW]* .* \(.*\)$/  {"\1", (void *) \&\1},/p'\'''
lt_cv_sys_global_symbol_to_c_name_address_lib_prefix='/usr/bin/sed -n -e '\''s/^: \(.*\) .*$/  {"\1", (void *) 0},/p'\'' -e '\''s/^[ABCDGIRSTW][ABCDGIRSTW]* .* \(lib.*\)$/  {"\1", (void *) \&\1},/p'\'' -e '\''s/^[ABCDGIRSTW][ABCDGIRSTW]* .* \(.*\)$/  {"lib\1", (void *) \&\1},/p'\'''
lt_cv_sys_global_symbol_to_cdecl='/usr/bin/sed -n -e '\''s/^T .* \(.*\)$/extern int \1();/p'\'' -e '\''s/^[ABCDGIRSTW][ABCDGIRSTW]* .* \(.*\)$/extern char \1;/p'\'''
lt_cv_sys_global_symbol_to_import=
lt_cv_sys_max_cmd_len=2400000
lt_cv_to_host_file_cmd=func_convert_file_noop
lt_cv_to_tool_file_cmd=func_convert_file_noop
lt_cv_truncate_bin='/usr/bin/dd bs=4096 count=1'

## ----------------- ##
## Output variables. ##
## ----------------- ##

ACLOCAL='${SHELL} '\''/home/kacper/projects/diveplan-core/missing'\'' aclocal-1.16'
AMDEPBACKSLASH='\'
AMDEP_FALSE='#'
AMDEP_TRUE=''
AMTAR='$${TAR-tar}'
AM_BACKSLASH='\'
AM_DEFAULT_V='$(AM_DEFAULT_VERBOSITY)'
AM_DEFAULT_VERBOSITY='1'
AM_V='$(V)'
AR='ar'
AUTOCONF='${SHELL} '\''/home/kacper/projects/diveplan-core/missing'\'' autoconf'
AUTOHEADER='${SHELL} '\''/home/kacper/projects/diveplan-core/missing'\'' autoheader'
AUTOMAKE='${SHELL} '\''/home/kacper/projects/diveplan-core/missing'\'' automake-1.16'
AWK='gawk'
CC='gcc'
CCDEPMODE='depmode=gcc3'
CFLAGS='-g -O2'
CPPFLAGS=''
CSCOPE='cscope'
CTAGS='ctags'
CYGPATH_W='echo'
DEFS='-DHAVE_CONFIG_H'
DEPDIR='.deps'
DLLTOOL='false'
DSYMUTIL=''
DUMPBIN=''
ECHO_C=''
ECHO_N='-n'
ECHO_T=''
EGREP='/usr/bin/grep -E'
ETAGS='etags'
EXEEXT=''
FGREP='/usr/bin/grep -F'
FILECMD='file'
GREP='/usr/bin/grep'
INSTALL_DATA='${INSTALL} -m 644'
INSTALL_PROGRAM='${INSTALL}'
INSTALL_SCRIPT='${INSTALL}'
INSTALL_STRIP_PROGRAM='$(install_sh) -c -s'
LD='/usr/bin/ld -m elf_x86_64'
LDFLAGS=''
LIBOBJS=''
LIBS='-lm '
LIBTOOL='$(SHELL) $(top_builddir)/libtool'
LIPO=''
LN_S='ln -s'
LTLIBOBJS=''
LT_SYS_LIBRARY_PATH=''
MAKEINFO='${SHELL} '\''/home/kacper/projects/diveplan-core/missing'\'' makeinfo'
MANIFEST_TOOL=':'
MKDIR_P='/usr/bin/mkdir -p'
NM='/usr/bin/nm -B'
NMEDIT=''
OBJDUMP='objdump'
OBJEXT='o'
OTOOL64=''
OTOOL=''
PACKAGE='libbuhlmann'
PACKAGE_BUGREPORT='contact@aquabsd.org'
PACKAGE_NAME='libbuhlmann'
PACKAGE_STRING='libbuhlmann 1.0'
PACKAGE_TARNAME='libbuhlmann'
PACKAGE_URL=''
PACKAGE_VERSION='1.0'
PATH_SEPARATOR=':'
RANLIB='ranlib'
SED='/usr/bin/sed'
SET_MAKE=''
SHELL='/bin/bash'
STRIP='strip'
VERSION='1.0'
ac_ct_AR='ar'
ac_ct_CC='gcc'
ac_ct_DUMPBIN=''
am__EXEEXT_FALSE=''
am__EXEEXT_TRUE='#'
am__fastdepCC_FALSE='#'
am__fastdepCC_TRUE=''
am__include='include'
am__isrc=''
am__leading_dot='.'
am__nodep='_no'
am__quote=''
am__tar='$${TAR-tar} chof - "$$tardir"'
am__untar='$${TAR-tar} xf -'
bindir='${exec_prefix}/bin'
build='x86_64-pc-linux-gnu'
build_alias=''
build_cpu='x86_64'
build_os='linux-gnu'
build_vendor='pc'
datadir='${datarootdir}'
datarootdir='${prefix}/share'
docdir='${datarootdir}/doc/${PACKAGE_TARNAME}'
dvidir='${docdir}'
exec_prefix='${prefix}'
host='x86_64-pc-linux-gnu'
host_alias=''
host_cpu='x86_64'
host_os='linux-gnu'
host_vendor='pc'
htmldir='${docdir}'
includedir='${prefix}/include'
infodir='${datarootdir}/info'
install_sh='${SHELL} /home/kacper/projects/diveplan-core/install-sh'
libdir='${exec_prefix}/lib'
libexecdir='${exec_prefix}/libexec'
localedir='${datarootdir}/locale'
localstatedir='${prefix}/var'
mandir='${datarootdir}/man'
mkdir_p='$(MKDIR_P)'
oldincludedir='/usr/include'
pdfdir='${docdir}'
prefix='/usr/local'
program_transform_name='s,x,x,'
psdir='${docdir}'
runstatedir='${localstatedir}/run'
sbindir='${exec_prefix}/sbin'
sharedstatedir='${prefix}/com'
sysconfdir='${prefix}/etc'
target_alias=''

## ----------- ##
## confdefs.h. ##
## ----------- ##

/* confdefs.h */
#define PACKAGE_NAME "libbuhlmann"
#define PACKAGE_TARNAME "libbuhlmann"
#define PACKAGE_VERSION "1.0"
#define PACKAGE_STRING "libbuhlmann 1.0"
#define PACKAGE_BUGREPORT "contact@aquabsd.org"
#define PACKAGE_URL ""
#define PACKAGE "libbuhlmann"
#define VERSION "1.0"
#define HAVE_STDIO_H 1
#define HAVE_STDLIB_H 1
#define HAVE_STRING_H 1
#define HAVE_INTTYPES_H 1
#define HAVE_STDINT_H 1
#define HAVE_STRINGS_H 1
#define HAVE_SYS_STAT_H 1
#define HAVE_SYS_TYPES_H 1
#define HAVE_UNISTD_H 1
#define STDC_HEADERS 1
#define HAVE_DLFCN_H 1
#define LT_OBJDIR ".libs/"
#define HAVE_LIBM 1
#define HAVE_MATH_H 1
#define HAVE_GETLINE 1

configure: exit 0

## ---------------------- ##
## Running config.status. ##
## ---------------------- ##

This file was extended by libbuhlmann config.status 1.0, which was
generated by GNU Autoconf 2.71.  Invocation command line was

  CONFIG_FILES    = 
  CONFIG_HEADERS  = 
  CONFIG_LINKS    = 
  CONFIG_COMMANDS = 
  $ ./config.status config.h

on nostromo

config.status:1087: creating config.h
config.status:1268: config.h is unchanged
